<?xml version="1.0" encoding="UTF-8"?>
<TestRun id="e42c4e71-666c-45f8-bda5-ed157b2c3d4a" name="sanchez@SANCHEZ-PC 2015-07-10 13:09:08" runUser="sanchez-PC\sanchez" xmlns="http://microsoft.com/schemas/VisualStudio/TeamTest/2010">
  <TestSettings name="Local" id="e0b70997-861b-4675-abe8-167edbb03b99">
    <Description>Esta es la configuración de pruebas predeterminada para una ejecución de pruebas local.</Description>
    <Deployment userDeploymentRoot="C:\Users\sanchez\Documents\GitHub\CSCInventarios\SistemaWeb\CSCInventarios\TestResults" useDefaultDeploymentRoot="false" enabled="false" runDeploymentRoot="sanchez_SANCHEZ-PC 2015-07-10 13_09_08">
      <DeploymentItem filename="C:\Users\sanchez\Documents\GitHub\CSCInventarios\SistemaWeb\CSCInventarios\CSCInventarios.DAL\bin\Debug\CSCInventarios.DAL.dll" />
      <DeploymentItem filename="C:\Users\sanchez\Documents\GitHub\CSCInventarios\SistemaWeb\CSCInventarios\packages\Unity.2.1.505.2\lib\NET35\Microsoft.Practices.Unity.dll" />
      <DeploymentItem filename="F:\INfo\aaa_UPN\UPN 2012-1\PROYECTO INTEGRADOR II\Aplicaciones web\DBSystem\DBSystem.DataAccess\bin\Debug\DBSystem.BussinesEntities.dll" />
      <DeploymentItem filename="F:\INfo\aaa_UPN\UPN 2012-1\PROYECTO INTEGRADOR II\Aplicaciones web\DBSystem\DBSystem.DataAccess\bin\Debug\Microsoft.Practices.Unity.Interception.dll" />
      <DeploymentItem filename="C:\Users\sanchez\Documents\GitHub\CSCInventarios\SistemaWeb\CSCInventarios\packages\Eastupright.EnterpriseLibrary.Common.2015.6.16.2\lib\Eastupright.EnterpriseLibrary.Common.dll" />
      <DeploymentItem filename="C:\Users\sanchez\Documents\GitHub\CSCInventarios\SistemaWeb\CSCInventarios\packages\CommonServiceLocator.1.0\lib\NET35\Microsoft.Practices.ServiceLocation.dll" />
      <DeploymentItem filename="C:\Users\sanchez\Documents\GitHub\CSCInventarios\SistemaWeb\CSCInventarios\packages\Unity.2.1.505.2\lib\NET35\Microsoft.Practices.Unity.Configuration.dll" />
      <DeploymentItem filename="F:\INfo\aaa_UPN\UPN 2012-1\PROYECTO INTEGRADOR II\Aplicaciones web\DBSystem\DBSystem.DataAccess\bin\Debug\Microsoft.Practices.EnterpriseLibrary.Data.dll" />
      <DeploymentItem filename="F:\INfo\aaa_UPN\UPN 2012-1\PROYECTO INTEGRADOR II\Aplicaciones web\DBSystem\DBSystem.DataAccess\bin\Debug\Microsoft.Practices.Unity.Interception.Configuration.dll" />
      <DeploymentItem filename="C:\Users\sanchez\Documents\GitHub\CSCInventarios\SistemaWeb\CSCInventarios\packages\EntityFramework.6.1.3\lib\net40\EntityFramework.SqlServer.dll" />
      <DeploymentItem filename="F:\INfo\aaa_UPN\UPN 2012-1\PROYECTO INTEGRADOR II\Aplicaciones web\DBSystem\DBSystem.DataAccess\bin\Debug\Microsoft.Practices.EnterpriseLibrary.Common.dll" />
      <DeploymentItem filename="C:\Users\sanchez\Documents\GitHub\CSCInventarios\SistemaWeb\CSCInventarios\CSCInventarios.EL\bin\Debug\CSCInventarios.EL.dll" />
      <DeploymentItem filename="F:\INfo\aaa_UPN\UPN 2012-1\PROYECTO INTEGRADOR II\Aplicaciones web\DBSystem\DBSystem.DataAccess\bin\Debug\DBSystem.DataAccess.dll" />
      <DeploymentItem filename="C:\Users\sanchez\Documents\GitHub\CSCInventarios\SistemaWeb\CSCInventarios\packages\EntityFramework.6.1.3\lib\net40\EntityFramework.dll" />
    </Deployment>
    <Execution>
      <TestTypeSpecific />
      <AgentRule name="Execution Agents">
      </AgentRule>
    </Execution>
  </TestSettings>
  <Times creation="2015-07-10T13:09:08.6142989-05:00" queuing="2015-07-10T13:09:08.7533068-05:00" start="2015-07-10T13:09:08.7763081-05:00" finish="2015-07-10T13:09:09.3773425-05:00" />
  <ResultSummary outcome="Failed">
    <Counters total="1" executed="1" error="0" failed="1" timeout="0" aborted="0" inconclusive="0" passedButRunAborted="0" notRunnable="0" notExecuted="0" disconnected="0" warning="0" passed="0" completed="0" inProgress="0" pending="0" />
    <RunInfos>
      <RunInfo computerName="SANCHEZ-PC" outcome="Warning" timestamp="2015-07-10T13:09:08.6162990-05:00">
        <Text>La implementación está deshabilitada. No se implementó el elemento  'CSCInventarios.DAL.dll' en la prueba 'CSCnvetarios.TestProject.SolicitudDALTest.LeerEstacionesPorEstacionIdTest'.</Text>
      </RunInfo>
    </RunInfos>
  </ResultSummary>
  <TestDefinitions>
    <UnitTest name="LeerEstacionesPorEstacionIdTest" storage="c:\users\sanchez\documents\github\cscinventarios\sistemaweb\cscinventarios\cscnvetarios.testproject\bin\debug\cscnvetarios.testproject.dll" id="ace0f215-caab-c32a-b0cb-3d3825cc08d8">
      <DeploymentItems>
        <DeploymentItem filename="CSCInventarios.DAL.dll" />
      </DeploymentItems>
      <Execution id="62e78988-8c0c-42ba-aee4-3ad6caa6a183" />
      <TestMethod codeBase="C:/Users/sanchez/Documents/GitHub/CSCInventarios/SistemaWeb/CSCInventarios/CSCnvetarios.TestProject/bin/Debug/CSCnvetarios.TestProject.DLL" adapterTypeName="Microsoft.VisualStudio.TestTools.TestTypes.Unit.UnitTestAdapter, Microsoft.VisualStudio.QualityTools.Tips.UnitTest.Adapter, Version=10.0.0.0, Culture=neutral, PublicKeyToken=b03f5f7f11d50a3a" className="CSCnvetarios.TestProject.SolicitudDALTest, CSCnvetarios.TestProject, Version=1.0.0.0, Culture=neutral, PublicKeyToken=null" name="LeerEstacionesPorEstacionIdTest" />
    </UnitTest>
  </TestDefinitions>
  <TestLists>
    <TestList name="Resultados que no están en la lista" id="8c84fa94-04c1-424b-9868-57a2d4851a1d" />
    <TestList name="Todos los resultados cargados" id="19431567-8539-422a-85d7-44ee4e166bda" />
  </TestLists>
  <TestEntries>
    <TestEntry testId="ace0f215-caab-c32a-b0cb-3d3825cc08d8" executionId="62e78988-8c0c-42ba-aee4-3ad6caa6a183" testListId="8c84fa94-04c1-424b-9868-57a2d4851a1d" />
  </TestEntries>
  <Results>
    <UnitTestResult executionId="62e78988-8c0c-42ba-aee4-3ad6caa6a183" testId="ace0f215-caab-c32a-b0cb-3d3825cc08d8" testName="LeerEstacionesPorEstacionIdTest" computerName="SANCHEZ-PC" duration="00:00:00.2832760" startTime="2015-07-10T13:09:08.7823085-05:00" endTime="2015-07-10T13:09:09.3183391-05:00" testType="13cdc9d9-ddb5-4fa4-a97d-d965ccfc6d4b" outcome="Failed" testListId="8c84fa94-04c1-424b-9868-57a2d4851a1d" relativeResultsDirectory="62e78988-8c0c-42ba-aee4-3ad6caa6a183">
      <Output>
        <ErrorInfo>
          <Message>El método de prueba CSCnvetarios.TestProject.SolicitudDALTest.LeerEstacionesPorEstacionIdTest produjo la excepción: 
Microsoft.Practices.ServiceLocation.ActivationException: Activation error occured while trying to get instance of type Database, key "" ---&gt; Microsoft.Practices.Unity.ResolutionFailedException: Resolution of the dependency failed, type = "Microsoft.Practices.EnterpriseLibrary.Data.Database", name = "(none)".
Exception occurred while: while resolving.
Exception is: InvalidOperationException - The type Database does not have an accessible constructor.
-----------------------------------------------
At the time of the exception, the container was:

  Resolving Microsoft.Practices.EnterpriseLibrary.Data.Database,(none)
 ---&gt; System.InvalidOperationException: The type Database does not have an accessible constructor.</Message>
          <StackTrace>    en Microsoft.Practices.ObjectBuilder2.DynamicMethodConstructorStrategy.ThrowForNullExistingObject(IBuilderContext context)
   en BuildUp_Microsoft.Practices.EnterpriseLibrary.Data.Database(IBuilderContext )
   en Microsoft.Practices.ObjectBuilder2.DynamicMethodBuildPlan.BuildUp(IBuilderContext context)
   en Microsoft.Practices.ObjectBuilder2.BuildPlanStrategy.PreBuildUp(IBuilderContext context)
   en Microsoft.Practices.ObjectBuilder2.StrategyChain.ExecuteBuildUp(IBuilderContext context)
   en Microsoft.Practices.Unity.UnityContainer.DoBuildUp(Type t, Object existing, String name, IEnumerable`1 resolverOverrides)
 --- Fin del seguimiento de la pila de la excepción interna ---
    en Microsoft.Practices.Unity.UnityContainer.DoBuildUp(Type t, Object existing, String name, IEnumerable`1 resolverOverrides)
   en Microsoft.Practices.Unity.UnityContainer.Resolve(Type t, String name, ResolverOverride[] resolverOverrides)
   en Microsoft.Practices.Unity.UnityServiceLocator.DoGetInstance(Type serviceType, String key)
   en Microsoft.Practices.ServiceLocation.ServiceLocatorImplBase.GetInstance(Type serviceType, String key) en c:\Home\Chris\Projects\CommonServiceLocator\main\Microsoft.Practices.ServiceLocation\ServiceLocatorImplBase.cs:línea 49
 --- Fin del seguimiento de la pila de la excepción interna ---
   en CSCInventarios.DAL.SolicitudDAL_Accessor..ctor()
   en CSCnvetarios.TestProject.SolicitudDALTest.LeerEstacionesPorEstacionIdTest() en C:\Users\sanchez\Documents\GitHub\CSCInventarios\SistemaWeb\CSCInventarios\CSCnvetarios.TestProject\SolicitudDALTest.cs:línea 90
</StackTrace>
        </ErrorInfo>
      </Output>
    </UnitTestResult>
  </Results>
</TestRun>